// Jest Snapshot v1, https://goo.gl/fbAQLP

exports[`First test 子コンポーネントが存在すること 1`] = `ShallowWrapper {}`;
